// Jest Snapshot v1, https://goo.gl/fbAQLP

exports[`Given a WIP page When it is rendered Then it should match the snapshot 1`] = `
Object {
  "asFragment": [Function],
  "baseElement": <body>
    <div>
      <main
        class="sc-beqWaB gA-DkFO"
      >
        <article
          class="sc-gueYoa ijglnS"
        >
          <section
            class="wip__content"
          >
            <div
              class="wip-content__title"
            >
              <span>
                Hello world! I am
              </span>
              <h1>
                Joaquín Godoy
              </h1>
              <h2>
                &gt; Full Stack Developer
              </h2>
            </div>
            <div
              class="wip-content__text"
            >
              <p>
                // My portfolio is currently like a 
                <br />
                // work-in-progress painting: messy 
                <br />
                // with some bright spots and some 
                <br />
                // rough edges, but slowly taking 
                <br />
                // shape into a masterpiece. 
                <br />
                // I'm adding brushstrokes and 
                <br />
                // refining the details to make it 
                <br />
                // truly reflect my style.
              </p>
              <p>
                // Stay tuned for the big reveal! 
                <br />
                // I promise it will be worth the 
                <br />
                // wait and, who knows, maybe one 
                <br />
                // day it will hang in a museum! 
                <br />
                // Or, at least, on a manager's "hired" wall.
              </p>
              <p
                class="wip-content__text--github"
              >
                <span
                  class="snippet__declaration"
                >
                  const
                </span>
                 
                <span
                  class="snippet__name"
                >
                  githubProfile
                </span>
                  =
                 
                <span
                  class="snippet__code"
                >
                  '
                  <a
                    class="snippet__code--link"
                    href="https://github.com/JoaccoG"
                    rel="noreferrer"
                    target="_blank"
                  >
                    https://github.com/JoaccoG
                  </a>
                  '
                </span>
              </p>
            </div>
          </section>
          <section
            class="wip__img"
          >
            <img
              alt=""
              src="https://media.giphy.com/media/3iyKHMIKg5VWG6qHUm/giphy.gif"
            />
          </section>
        </article>
      </main>
    </div>
  </body>,
  "container": <div>
    <main
      class="sc-beqWaB gA-DkFO"
    >
      <article
        class="sc-gueYoa ijglnS"
      >
        <section
          class="wip__content"
        >
          <div
            class="wip-content__title"
          >
            <span>
              Hello world! I am
            </span>
            <h1>
              Joaquín Godoy
            </h1>
            <h2>
              &gt; Full Stack Developer
            </h2>
          </div>
          <div
            class="wip-content__text"
          >
            <p>
              // My portfolio is currently like a 
              <br />
              // work-in-progress painting: messy 
              <br />
              // with some bright spots and some 
              <br />
              // rough edges, but slowly taking 
              <br />
              // shape into a masterpiece. 
              <br />
              // I'm adding brushstrokes and 
              <br />
              // refining the details to make it 
              <br />
              // truly reflect my style.
            </p>
            <p>
              // Stay tuned for the big reveal! 
              <br />
              // I promise it will be worth the 
              <br />
              // wait and, who knows, maybe one 
              <br />
              // day it will hang in a museum! 
              <br />
              // Or, at least, on a manager's "hired" wall.
            </p>
            <p
              class="wip-content__text--github"
            >
              <span
                class="snippet__declaration"
              >
                const
              </span>
               
              <span
                class="snippet__name"
              >
                githubProfile
              </span>
                =
               
              <span
                class="snippet__code"
              >
                '
                <a
                  class="snippet__code--link"
                  href="https://github.com/JoaccoG"
                  rel="noreferrer"
                  target="_blank"
                >
                  https://github.com/JoaccoG
                </a>
                '
              </span>
            </p>
          </div>
        </section>
        <section
          class="wip__img"
        >
          <img
            alt=""
            src="https://media.giphy.com/media/3iyKHMIKg5VWG6qHUm/giphy.gif"
          />
        </section>
      </article>
    </main>
  </div>,
  "debug": [Function],
  "findAllByAltText": [Function],
  "findAllByDisplayValue": [Function],
  "findAllByLabelText": [Function],
  "findAllByPlaceholderText": [Function],
  "findAllByRole": [Function],
  "findAllByTestId": [Function],
  "findAllByText": [Function],
  "findAllByTitle": [Function],
  "findByAltText": [Function],
  "findByDisplayValue": [Function],
  "findByLabelText": [Function],
  "findByPlaceholderText": [Function],
  "findByRole": [Function],
  "findByTestId": [Function],
  "findByText": [Function],
  "findByTitle": [Function],
  "getAllByAltText": [Function],
  "getAllByDisplayValue": [Function],
  "getAllByLabelText": [Function],
  "getAllByPlaceholderText": [Function],
  "getAllByRole": [Function],
  "getAllByTestId": [Function],
  "getAllByText": [Function],
  "getAllByTitle": [Function],
  "getByAltText": [Function],
  "getByDisplayValue": [Function],
  "getByLabelText": [Function],
  "getByPlaceholderText": [Function],
  "getByRole": [Function],
  "getByTestId": [Function],
  "getByText": [Function],
  "getByTitle": [Function],
  "queryAllByAltText": [Function],
  "queryAllByDisplayValue": [Function],
  "queryAllByLabelText": [Function],
  "queryAllByPlaceholderText": [Function],
  "queryAllByRole": [Function],
  "queryAllByTestId": [Function],
  "queryAllByText": [Function],
  "queryAllByTitle": [Function],
  "queryByAltText": [Function],
  "queryByDisplayValue": [Function],
  "queryByLabelText": [Function],
  "queryByPlaceholderText": [Function],
  "queryByRole": [Function],
  "queryByTestId": [Function],
  "queryByText": [Function],
  "queryByTitle": [Function],
  "rerender": [Function],
  "unmount": [Function],
}
`;
